This is pdfTeX, Version 3.141592653-2.6-1.40.26 (TeX Live 2024) (preloaded format=pdflatex 2024.12.19)  10 JUN 2026 22:36
entering extended mode
 restricted \write18 enabled.
 %&-line parsing enabled.
**camera_ready.tex
(./camera_ready.tex
LaTeX2e <2024-11-01> patch level 1
L3 programming layer <2024-11-02>
(./ccn.cls
Document Class: ccn v2026.0 CCN Conference Document Class

(/global/common/software/nersc9/texlive/2024-17c650b50c05ee823c6093081103ed0ab7
6a21df/texmf-dist/tex/latex/base/article.cls
Document Class: article 2024/06/29 v1.4n Standard LaTeX document class

(/global/common/software/nersc9/texlive/2024-17c650b50c05ee823c6093081103ed0ab7
6a21df/texmf-dist/tex/latex/base/size10.clo
File: size10.clo 2024/06/29 v1.4n Standard LaTeX file (size option)
)
\c@part=\count196
\c@section=\count197
\c@subsection=\count198
\c@subsubsection=\count199
\c@paragraph=\count266
\c@subparagraph=\count267
\c@figure=\count268
\c@table=\count269
\abovecaptionskip=\skip49
\belowcaptionskip=\skip50
\bibindent=\dimen141
)
(/global/common/software/nersc9/texlive/2024-17c650b50c05ee823c6093081103ed0ab7
6a21df/texmf-dist/tex/latex/cmap/cmap.sty
Package: cmap 2021/02/06 v1.0j CMap support: searchable PDF
)
(/global/common/software/nersc9/texlive/2024-17c650b50c05ee823c6093081103ed0ab7
6a21df/texmf-dist/tex/latex/base/fontenc.sty
Package: fontenc 2021/04/29 v2.0v Standard LaTeX package
<<t1.cmap>>)
(/global/common/software/nersc9/texlive/2024-17c650b50c05ee823c6093081103ed0ab7
6a21df/texmf-dist/tex/latex/base/inputenc.sty
Package: inputenc 2024/02/08 v1.3d Input encoding file
\inpenc@prehook=\toks17
\inpenc@posthook=\toks18
)
(/global/common/software/nersc9/texlive/2024-17c650b50c05ee823c6093081103ed0ab7
6a21df/texmf-dist/tex/latex/tex-gyre/tgheros.sty
Package: tgheros 2009/09/27 v1.2 TeX Gyre Heros as default sans serif family

(/global/common/software/nersc9/texlive/2024-17c650b50c05ee823c6093081103ed0ab7
6a21df/texmf-dist/tex/latex/kvoptions/kvoptions.sty
Package: kvoptions 2022-06-15 v3.15 Key value format for package options (HO)

(/global/common/software/nersc9/texlive/2024-17c650b50c05ee823c6093081103ed0ab7
6a21df/texmf-dist/tex/latex/graphics/keyval.sty
Package: keyval 2022/05/29 v1.15 key=value parser (DPC)
\KV@toks@=\toks19
)
(/global/common/software/nersc9/texlive/2024-17c650b50c05ee823c6093081103ed0ab7
6a21df/texmf-dist/tex/generic/ltxcmds/ltxcmds.sty
Package: ltxcmds 2023-12-04 v1.26 LaTeX kernel commands for general use (HO)
)
(/global/common/software/nersc9/texlive/2024-17c650b50c05ee823c6093081103ed0ab7
6a21df/texmf-dist/tex/latex/kvsetkeys/kvsetkeys.sty
Package: kvsetkeys 2022-10-05 v1.19 Key value parser (HO)
)))
(/global/common/software/nersc9/texlive/2024-17c650b50c05ee823c6093081103ed0ab7
6a21df/texmf-dist/tex/latex/amsmath/amsmath.sty
Package: amsmath 2024/11/05 v2.17t AMS math features
\@mathmargin=\skip51

For additional information on amsmath, use the `?' option.

(/global/common/software/nersc9/texlive/2024-17c650b50c05ee823c6093081103ed0ab7
6a21df/texmf-dist/tex/latex/amsmath/amstext.sty
Package: amstext 2021/08/26 v2.01 AMS text

(/global/common/software/nersc9/texlive/2024-17c650b50c05ee823c6093081103ed0ab7
6a21df/texmf-dist/tex/latex/amsmath/amsgen.sty
File: amsgen.sty 1999/11/30 v2.0 generic functions
\@emptytoks=\toks20
\ex@=\dimen142
))
(/global/common/software/nersc9/texlive/2024-17c650b50c05ee823c6093081103ed0ab7
6a21df/texmf-dist/tex/latex/amsmath/amsbsy.sty
Package: amsbsy 1999/11/29 v1.2d Bold Symbols
\pmbraise@=\dimen143
)
(/global/common/software/nersc9/texlive/2024-17c650b50c05ee823c6093081103ed0ab7
6a21df/texmf-dist/tex/latex/amsmath/amsopn.sty
Package: amsopn 2022/04/08 v2.04 operator names
)
\inf@bad=\count270
LaTeX Info: Redefining \frac on input line 233.
\uproot@=\count271
\leftroot@=\count272
LaTeX Info: Redefining \overline on input line 398.
LaTeX Info: Redefining \colon on input line 409.
\classnum@=\count273
\DOTSCASE@=\count274
LaTeX Info: Redefining \ldots on input line 495.
LaTeX Info: Redefining \dots on input line 498.
LaTeX Info: Redefining \cdots on input line 619.
\Mathstrutbox@=\box52
\strutbox@=\box53
LaTeX Info: Redefining \big on input line 721.
LaTeX Info: Redefining \Big on input line 722.
LaTeX Info: Redefining \bigg on input line 723.
LaTeX Info: Redefining \Bigg on input line 724.
\big@size=\dimen144
LaTeX Font Info:    Redeclaring font encoding OML on input line 742.
LaTeX Font Info:    Redeclaring font encoding OMS on input line 743.
\macc@depth=\count275
LaTeX Info: Redefining \bmod on input line 904.
LaTeX Info: Redefining \pmod on input line 909.
LaTeX Info: Redefining \smash on input line 939.
LaTeX Info: Redefining \relbar on input line 969.
LaTeX Info: Redefining \Relbar on input line 970.
\c@MaxMatrixCols=\count276
\dotsspace@=\muskip17
\c@parentequation=\count277
\dspbrk@lvl=\count278
\tag@help=\toks21
\row@=\count279
\column@=\count280
\maxfields@=\count281
\andhelp@=\toks22
\eqnshift@=\dimen145
\alignsep@=\dimen146
\tagshift@=\dimen147
\tagwidth@=\dimen148
\totwidth@=\dimen149
\lineht@=\dimen150
\@envbody=\toks23
\multlinegap=\skip52
\multlinetaggap=\skip53
\mathdisplay@stack=\toks24
LaTeX Info: Redefining \[ on input line 2953.
LaTeX Info: Redefining \] on input line 2954.
)
(/global/common/software/nersc9/texlive/2024-17c650b50c05ee823c6093081103ed0ab7
6a21df/texmf-dist/tex/latex/amsfonts/amssymb.sty
Package: amssymb 2013/01/14 v3.01 AMS font symbols

(/global/common/software/nersc9/texlive/2024-17c650b50c05ee823c6093081103ed0ab7
6a21df/texmf-dist/tex/latex/amsfonts/amsfonts.sty
Package: amsfonts 2013/01/14 v3.01 Basic AMSFonts support
\symAMSa=\mathgroup4
\symAMSb=\mathgroup5
LaTeX Font Info:    Redeclaring math symbol \hbar on input line 98.
LaTeX Font Info:    Overwriting math alphabet `\mathfrak' in version `bold'
(Font)                  U/euf/m/n --> U/euf/b/n on input line 106.
))
(/global/common/software/nersc9/texlive/2024-17c650b50c05ee823c6093081103ed0ab7
6a21df/texmf-dist/tex/latex/sfmath/sfmath.sty
Package: sfmath 2007/08/27 v0.8 sans serif maths
LaTeX Font Info:    Overwriting symbol font `operators' in version `normal'
(Font)                  OT1/cmr/m/n --> OT1/phv/m/n on input line 329.
LaTeX Font Info:    Overwriting symbol font `operators' in version `bold'
(Font)                  OT1/cmr/bx/n --> OT1/phv/bx/n on input line 330.
\symSFMath=\mathgroup6
LaTeX Font Info:    Overwriting symbol font `SFMath' in version `normal'
(Font)                  OT1/phv/m/sl --> OT1/phv/m/sl on input line 343.
LaTeX Font Info:    Overwriting symbol font `SFMath' in version `bold'
(Font)                  OT1/phv/m/sl --> OT1/phv/bx/sl on input line 344.
LaTeX Font Info:    Redeclaring math symbol \imath on input line 398.
LaTeX Font Info:    Redeclaring math symbol \jmath on input line 399.
\symSFMathUp=\mathgroup7
LaTeX Font Info:    Overwriting symbol font `SFMathUp' in version `normal'
(Font)                  OT1/phv/m/n --> OT1/phv/m/n on input line 406.
LaTeX Font Info:    Overwriting symbol font `SFMathUp' in version `bold'
(Font)                  OT1/phv/m/n --> OT1/phv/bx/n on input line 407.
LaTeX Font Info:    Redeclaring math symbol \ldotp on input line 410.
\symSFMathGreek=\mathgroup8
LaTeX Font Info:    Overwriting symbol font `SFMathGreek' in version `normal'
(Font)                  OT1/cmss/m/n --> OT1/cmss/m/n on input line 419.
LaTeX Font Info:    Overwriting symbol font `SFMathGreek' in version `bold'
(Font)                  OT1/cmss/m/n --> OT1/cmss/bx/n on input line 420.
LaTeX Font Info:    Redeclaring math symbol \Gamma on input line 422.
LaTeX Font Info:    Redeclaring math symbol \Delta on input line 423.
LaTeX Font Info:    Redeclaring math symbol \Theta on input line 424.
LaTeX Font Info:    Redeclaring math symbol \Lambda on input line 425.
LaTeX Font Info:    Redeclaring math symbol \Xi on input line 426.
LaTeX Font Info:    Redeclaring math symbol \Pi on input line 427.
LaTeX Font Info:    Redeclaring math symbol \Sigma on input line 428.
LaTeX Font Info:    Redeclaring math symbol \Upsilon on input line 429.
LaTeX Font Info:    Redeclaring math symbol \Phi on input line 430.
LaTeX Font Info:    Redeclaring math symbol \Psi on input line 431.
LaTeX Font Info:    Redeclaring math symbol \Omega on input line 432.
\symSFMathUpGreek=\mathgroup9
LaTeX Font Info:    Overwriting symbol font `SFMathUpGreek' in version `normal'

(Font)                  OT1/cmss/m/n --> OT1/cmss/m/n on input line 436.
LaTeX Font Info:    Overwriting symbol font `SFMathUpGreek' in version `bold'
(Font)                  OT1/cmss/m/n --> OT1/cmss/bx/n on input line 437.
LaTeX Font Info:    Overwriting math alphabet `\mathnormal' in version `normal'

(Font)                  OML/cmm/m/it --> OT1/phv/m/sl on input line 446.
LaTeX Font Info:    Overwriting math alphabet `\mathnormal' in version `bold'
(Font)                  OML/cmm/b/it --> OT1/phv/bx/sl on input line 447.
LaTeX Font Info:    Overwriting math alphabet `\mathrm' in version `normal'
(Font)                  OT1/phv/m/n --> OT1/phv/m/n on input line 449.
LaTeX Font Info:    Overwriting math alphabet `\mathrm' in version `bold'
(Font)                  OT1/phv/bx/n --> OT1/phv/bx/n on input line 450.
LaTeX Font Info:    Overwriting math alphabet `\mathbf' in version `normal'
(Font)                  OT1/cmr/bx/n --> OT1/phv/bx/n on input line 452.
LaTeX Font Info:    Overwriting math alphabet `\mathbf' in version `bold'
(Font)                  OT1/cmr/bx/n --> OT1/phv/bx/n on input line 453.
LaTeX Font Info:    Overwriting math alphabet `\mathit' in version `normal'
(Font)                  OT1/cmr/m/it --> OT1/phv/m/sl on input line 455.
LaTeX Font Info:    Overwriting math alphabet `\mathit' in version `bold'
(Font)                  OT1/cmr/bx/it --> OT1/phv/bx/sl on input line 456.
LaTeX Font Info:    Overwriting math alphabet `\mathsf' in version `normal'
(Font)                  OT1/cmss/m/n --> OT1/phv/m/n on input line 458.
LaTeX Font Info:    Overwriting math alphabet `\mathsf' in version `bold'
(Font)                  OT1/cmss/bx/n --> OT1/phv/bx/n on input line 459.
LaTeX Font Info:    Overwriting math alphabet `\mathsl' in version `bold'
(Font)                  OT1/phv/m/sl --> OT1/phv/bx/sl on input line 466.
)
(/global/common/software/nersc9/texlive/2024-17c650b50c05ee823c6093081103ed0ab7
6a21df/texmf-dist/tex/latex/xcolor/xcolor.sty
Package: xcolor 2024/09/29 v3.02 LaTeX color extensions (UK)

(/global/common/software/nersc9/texlive/2024-17c650b50c05ee823c6093081103ed0ab7
6a21df/texmf-dist/tex/latex/graphics-cfg/color.cfg
File: color.cfg 2016/01/02 v1.6 sample color configuration
)
Package xcolor Info: Driver file: pdftex.def on input line 274.

(/global/common/software/nersc9/texlive/2024-17c650b50c05ee823c6093081103ed0ab7
6a21df/texmf-dist/tex/latex/graphics-def/pdftex.def
File: pdftex.def 2024/04/13 v1.2c Graphics/color driver for pdftex
)
(/global/common/software/nersc9/texlive/2024-17c650b50c05ee823c6093081103ed0ab7
6a21df/texmf-dist/tex/latex/graphics/mathcolor.ltx)
Package xcolor Info: Model `cmy' substituted by `cmy0' on input line 1349.
Package xcolor Info: Model `hsb' substituted by `rgb' on input line 1353.
Package xcolor Info: Model `RGB' extended on input line 1365.
Package xcolor Info: Model `HTML' substituted by `rgb' on input line 1367.
Package xcolor Info: Model `Hsb' substituted by `hsb' on input line 1368.
Package xcolor Info: Model `tHsb' substituted by `hsb' on input line 1369.
Package xcolor Info: Model `HSB' substituted by `hsb' on input line 1370.
Package xcolor Info: Model `Gray' substituted by `gray' on input line 1371.
Package xcolor Info: Model `wave' substituted by `hsb' on input line 1372.
)
(/global/common/software/nersc9/texlive/2024-17c650b50c05ee823c6093081103ed0ab7
6a21df/texmf-dist/tex/latex/pgf/frontendlayer/tikz.sty
(/global/common/software/nersc9/texlive/2024-17c650b50c05ee823c6093081103ed0ab7
6a21df/texmf-dist/tex/latex/pgf/basiclayer/pgf.sty
(/global/common/software/nersc9/texlive/2024-17c650b50c05ee823c6093081103ed0ab7
6a21df/texmf-dist/tex/latex/pgf/utilities/pgfrcs.sty
(/global/common/software/nersc9/texlive/2024-17c650b50c05ee823c6093081103ed0ab7
6a21df/texmf-dist/tex/generic/pgf/utilities/pgfutil-common.tex
\pgfutil@everybye=\toks25
\pgfutil@tempdima=\dimen151
\pgfutil@tempdimb=\dimen152
)
(/global/common/software/nersc9/texlive/2024-17c650b50c05ee823c6093081103ed0ab7
6a21df/texmf-dist/tex/generic/pgf/utilities/pgfutil-latex.def
\pgfutil@abb=\box54
)
(/global/common/software/nersc9/texlive/2024-17c650b50c05ee823c6093081103ed0ab7
6a21df/texmf-dist/tex/generic/pgf/utilities/pgfrcs.code.tex
(/global/common/software/nersc9/texlive/2024-17c650b50c05ee823c6093081103ed0ab7
6a21df/texmf-dist/tex/generic/pgf/pgf.revision.tex)
Package: pgfrcs 2023-01-15 v3.1.10 (3.1.10)
))
Package: pgf 2023-01-15 v3.1.10 (3.1.10)

(/global/common/software/nersc9/texlive/2024-17c650b50c05ee823c6093081103ed0ab7
6a21df/texmf-dist/tex/latex/pgf/basiclayer/pgfcore.sty
(/global/common/software/nersc9/texlive/2024-17c650b50c05ee823c6093081103ed0ab7
6a21df/texmf-dist/tex/latex/graphics/graphicx.sty
Package: graphicx 2021/09/16 v1.2d Enhanced LaTeX Graphics (DPC,SPQR)

(/global/common/software/nersc9/texlive/2024-17c650b50c05ee823c6093081103ed0ab7
6a21df/texmf-dist/tex/latex/graphics/graphics.sty
Package: graphics 2024/08/06 v1.4g Standard LaTeX Graphics (DPC,SPQR)

(/global/common/software/nersc9/texlive/2024-17c650b50c05ee823c6093081103ed0ab7
6a21df/texmf-dist/tex/latex/graphics/trig.sty
Package: trig 2023/12/02 v1.11 sin cos tan (DPC)
)
(/global/common/software/nersc9/texlive/2024-17c650b50c05ee823c6093081103ed0ab7
6a21df/texmf-dist/tex/latex/graphics-cfg/graphics.cfg
File: graphics.cfg 2016/06/04 v1.11 sample graphics configuration
)
Package graphics Info: Driver file: pdftex.def on input line 106.
)
\Gin@req@height=\dimen153
\Gin@req@width=\dimen154
)
(/global/common/software/nersc9/texlive/2024-17c650b50c05ee823c6093081103ed0ab7
6a21df/texmf-dist/tex/latex/pgf/systemlayer/pgfsys.sty
(/global/common/software/nersc9/texlive/2024-17c650b50c05ee823c6093081103ed0ab7
6a21df/texmf-dist/tex/generic/pgf/systemlayer/pgfsys.code.tex
Package: pgfsys 2023-01-15 v3.1.10 (3.1.10)

(/global/common/software/nersc9/texlive/2024-17c650b50c05ee823c6093081103ed0ab7
6a21df/texmf-dist/tex/generic/pgf/utilities/pgfkeys.code.tex
\pgfkeys@pathtoks=\toks26
\pgfkeys@temptoks=\toks27

(/global/common/software/nersc9/texlive/2024-17c650b50c05ee823c6093081103ed0ab7
6a21df/texmf-dist/tex/generic/pgf/utilities/pgfkeyslibraryfiltered.code.tex
\pgfkeys@tmptoks=\toks28
))
\pgf@x=\dimen155
\pgf@y=\dimen156
\pgf@xa=\dimen157
\pgf@ya=\dimen158
\pgf@xb=\dimen159
\pgf@yb=\dimen160
\pgf@xc=\dimen161
\pgf@yc=\dimen162
\pgf@xd=\dimen163
\pgf@yd=\dimen164
\w@pgf@writea=\write3
\r@pgf@reada=\read2
\c@pgf@counta=\count282
\c@pgf@countb=\count283
\c@pgf@countc=\count284
\c@pgf@countd=\count285
\t@pgf@toka=\toks29
\t@pgf@tokb=\toks30
\t@pgf@tokc=\toks31
\pgf@sys@id@count=\count286

(/global/common/software/nersc9/texlive/2024-17c650b50c05ee823c6093081103ed0ab7
6a21df/texmf-dist/tex/generic/pgf/systemlayer/pgf.cfg
File: pgf.cfg 2023-01-15 v3.1.10 (3.1.10)
)
Driver file for pgf: pgfsys-pdftex.def

(/global/common/software/nersc9/texlive/2024-17c650b50c05ee823c6093081103ed0ab7
6a21df/texmf-dist/tex/generic/pgf/systemlayer/pgfsys-pdftex.def
File: pgfsys-pdftex.def 2023-01-15 v3.1.10 (3.1.10)

(/global/common/software/nersc9/texlive/2024-17c650b50c05ee823c6093081103ed0ab7
6a21df/texmf-dist/tex/generic/pgf/systemlayer/pgfsys-common-pdf.def
File: pgfsys-common-pdf.def 2023-01-15 v3.1.10 (3.1.10)
)))
(/global/common/software/nersc9/texlive/2024-17c650b50c05ee823c6093081103ed0ab7
6a21df/texmf-dist/tex/generic/pgf/systemlayer/pgfsyssoftpath.code.tex
File: pgfsyssoftpath.code.tex 2023-01-15 v3.1.10 (3.1.10)
\pgfsyssoftpath@smallbuffer@items=\count287
\pgfsyssoftpath@bigbuffer@items=\count288
)
(/global/common/software/nersc9/texlive/2024-17c650b50c05ee823c6093081103ed0ab7
6a21df/texmf-dist/tex/generic/pgf/systemlayer/pgfsysprotocol.code.tex
File: pgfsysprotocol.code.tex 2023-01-15 v3.1.10 (3.1.10)
))
(/global/common/software/nersc9/texlive/2024-17c650b50c05ee823c6093081103ed0ab7
6a21df/texmf-dist/tex/generic/pgf/basiclayer/pgfcore.code.tex
Package: pgfcore 2023-01-15 v3.1.10 (3.1.10)

(/global/common/software/nersc9/texlive/2024-17c650b50c05ee823c6093081103ed0ab7
6a21df/texmf-dist/tex/generic/pgf/math/pgfmath.code.tex
(/global/common/software/nersc9/texlive/2024-17c650b50c05ee823c6093081103ed0ab7
6a21df/texmf-dist/tex/generic/pgf/math/pgfmathutil.code.tex)
(/global/common/software/nersc9/texlive/2024-17c650b50c05ee823c6093081103ed0ab7
6a21df/texmf-dist/tex/generic/pgf/math/pgfmathparser.code.tex
\pgfmath@dimen=\dimen165
\pgfmath@count=\count289
\pgfmath@box=\box55
\pgfmath@toks=\toks32
\pgfmath@stack@operand=\toks33
\pgfmath@stack@operation=\toks34
)
(/global/common/software/nersc9/texlive/2024-17c650b50c05ee823c6093081103ed0ab7
6a21df/texmf-dist/tex/generic/pgf/math/pgfmathfunctions.code.tex)
(/global/common/software/nersc9/texlive/2024-17c650b50c05ee823c6093081103ed0ab7
6a21df/texmf-dist/tex/generic/pgf/math/pgfmathfunctions.basic.code.tex)
(/global/common/software/nersc9/texlive/2024-17c650b50c05ee823c6093081103ed0ab7
6a21df/texmf-dist/tex/generic/pgf/math/pgfmathfunctions.trigonometric.code.tex)

(/global/common/software/nersc9/texlive/2024-17c650b50c05ee823c6093081103ed0ab7
6a21df/texmf-dist/tex/generic/pgf/math/pgfmathfunctions.random.code.tex)
(/global/common/software/nersc9/texlive/2024-17c650b50c05ee823c6093081103ed0ab7
6a21df/texmf-dist/tex/generic/pgf/math/pgfmathfunctions.comparison.code.tex)
(/global/common/software/nersc9/texlive/2024-17c650b50c05ee823c6093081103ed0ab7
6a21df/texmf-dist/tex/generic/pgf/math/pgfmathfunctions.base.code.tex)
(/global/common/software/nersc9/texlive/2024-17c650b50c05ee823c6093081103ed0ab7
6a21df/texmf-dist/tex/generic/pgf/math/pgfmathfunctions.round.code.tex)
(/global/common/software/nersc9/texlive/2024-17c650b50c05ee823c6093081103ed0ab7
6a21df/texmf-dist/tex/generic/pgf/math/pgfmathfunctions.misc.code.tex)
(/global/common/software/nersc9/texlive/2024-17c650b50c05ee823c6093081103ed0ab7
6a21df/texmf-dist/tex/generic/pgf/math/pgfmathfunctions.integerarithmetics.code
.tex)
(/global/common/software/nersc9/texlive/2024-17c650b50c05ee823c6093081103ed0ab7
6a21df/texmf-dist/tex/generic/pgf/math/pgfmathcalc.code.tex)
(/global/common/software/nersc9/texlive/2024-17c650b50c05ee823c6093081103ed0ab7
6a21df/texmf-dist/tex/generic/pgf/math/pgfmathfloat.code.tex
\c@pgfmathroundto@lastzeros=\count290
))
(/global/common/software/nersc9/texlive/2024-17c650b50c05ee823c6093081103ed0ab7
6a21df/texmf-dist/tex/generic/pgf/math/pgfint.code.tex)
(/global/common/software/nersc9/texlive/2024-17c650b50c05ee823c6093081103ed0ab7
6a21df/texmf-dist/tex/generic/pgf/basiclayer/pgfcorepoints.code.tex
File: pgfcorepoints.code.tex 2023-01-15 v3.1.10 (3.1.10)
\pgf@picminx=\dimen166
\pgf@picmaxx=\dimen167
\pgf@picminy=\dimen168
\pgf@picmaxy=\dimen169
\pgf@pathminx=\dimen170
\pgf@pathmaxx=\dimen171
\pgf@pathminy=\dimen172
\pgf@pathmaxy=\dimen173
\pgf@xx=\dimen174
\pgf@xy=\dimen175
\pgf@yx=\dimen176
\pgf@yy=\dimen177
\pgf@zx=\dimen178
\pgf@zy=\dimen179
)
(/global/common/software/nersc9/texlive/2024-17c650b50c05ee823c6093081103ed0ab7
6a21df/texmf-dist/tex/generic/pgf/basiclayer/pgfcorepathconstruct.code.tex
File: pgfcorepathconstruct.code.tex 2023-01-15 v3.1.10 (3.1.10)
\pgf@path@lastx=\dimen180
\pgf@path@lasty=\dimen181
)
(/global/common/software/nersc9/texlive/2024-17c650b50c05ee823c6093081103ed0ab7
6a21df/texmf-dist/tex/generic/pgf/basiclayer/pgfcorepathusage.code.tex
File: pgfcorepathusage.code.tex 2023-01-15 v3.1.10 (3.1.10)
\pgf@shorten@end@additional=\dimen182
\pgf@shorten@start@additional=\dimen183
)
(/global/common/software/nersc9/texlive/2024-17c650b50c05ee823c6093081103ed0ab7
6a21df/texmf-dist/tex/generic/pgf/basiclayer/pgfcorescopes.code.tex
File: pgfcorescopes.code.tex 2023-01-15 v3.1.10 (3.1.10)
\pgfpic=\box56
\pgf@hbox=\box57
\pgf@layerbox@main=\box58
\pgf@picture@serial@count=\count291
)
(/global/common/software/nersc9/texlive/2024-17c650b50c05ee823c6093081103ed0ab7
6a21df/texmf-dist/tex/generic/pgf/basiclayer/pgfcoregraphicstate.code.tex
File: pgfcoregraphicstate.code.tex 2023-01-15 v3.1.10 (3.1.10)
\pgflinewidth=\dimen184
)
(/global/common/software/nersc9/texlive/2024-17c650b50c05ee823c6093081103ed0ab7
6a21df/texmf-dist/tex/generic/pgf/basiclayer/pgfcoretransformations.code.tex
File: pgfcoretransformations.code.tex 2023-01-15 v3.1.10 (3.1.10)
\pgf@pt@x=\dimen185
\pgf@pt@y=\dimen186
\pgf@pt@temp=\dimen187
)
(/global/common/software/nersc9/texlive/2024-17c650b50c05ee823c6093081103ed0ab7
6a21df/texmf-dist/tex/generic/pgf/basiclayer/pgfcorequick.code.tex
File: pgfcorequick.code.tex 2023-01-15 v3.1.10 (3.1.10)
)
(/global/common/software/nersc9/texlive/2024-17c650b50c05ee823c6093081103ed0ab7
6a21df/texmf-dist/tex/generic/pgf/basiclayer/pgfcoreobjects.code.tex
File: pgfcoreobjects.code.tex 2023-01-15 v3.1.10 (3.1.10)
)
(/global/common/software/nersc9/texlive/2024-17c650b50c05ee823c6093081103ed0ab7
6a21df/texmf-dist/tex/generic/pgf/basiclayer/pgfcorepathprocessing.code.tex
File: pgfcorepathprocessing.code.tex 2023-01-15 v3.1.10 (3.1.10)
)
(/global/common/software/nersc9/texlive/2024-17c650b50c05ee823c6093081103ed0ab7
6a21df/texmf-dist/tex/generic/pgf/basiclayer/pgfcorearrows.code.tex
File: pgfcorearrows.code.tex 2023-01-15 v3.1.10 (3.1.10)
\pgfarrowsep=\dimen188
)
(/global/common/software/nersc9/texlive/2024-17c650b50c05ee823c6093081103ed0ab7
6a21df/texmf-dist/tex/generic/pgf/basiclayer/pgfcoreshade.code.tex
File: pgfcoreshade.code.tex 2023-01-15 v3.1.10 (3.1.10)
\pgf@max=\dimen189
\pgf@sys@shading@range@num=\count292
\pgf@shadingcount=\count293
)
(/global/common/software/nersc9/texlive/2024-17c650b50c05ee823c6093081103ed0ab7
6a21df/texmf-dist/tex/generic/pgf/basiclayer/pgfcoreimage.code.tex
File: pgfcoreimage.code.tex 2023-01-15 v3.1.10 (3.1.10)
)
(/global/common/software/nersc9/texlive/2024-17c650b50c05ee823c6093081103ed0ab7
6a21df/texmf-dist/tex/generic/pgf/basiclayer/pgfcoreexternal.code.tex
File: pgfcoreexternal.code.tex 2023-01-15 v3.1.10 (3.1.10)
\pgfexternal@startupbox=\box59
)
(/global/common/software/nersc9/texlive/2024-17c650b50c05ee823c6093081103ed0ab7
6a21df/texmf-dist/tex/generic/pgf/basiclayer/pgfcorelayers.code.tex
File: pgfcorelayers.code.tex 2023-01-15 v3.1.10 (3.1.10)
)
(/global/common/software/nersc9/texlive/2024-17c650b50c05ee823c6093081103ed0ab7
6a21df/texmf-dist/tex/generic/pgf/basiclayer/pgfcoretransparency.code.tex
File: pgfcoretransparency.code.tex 2023-01-15 v3.1.10 (3.1.10)
)
(/global/common/software/nersc9/texlive/2024-17c650b50c05ee823c6093081103ed0ab7
6a21df/texmf-dist/tex/generic/pgf/basiclayer/pgfcorepatterns.code.tex
File: pgfcorepatterns.code.tex 2023-01-15 v3.1.10 (3.1.10)
)
(/global/common/software/nersc9/texlive/2024-17c650b50c05ee823c6093081103ed0ab7
6a21df/texmf-dist/tex/generic/pgf/basiclayer/pgfcorerdf.code.tex
File: pgfcorerdf.code.tex 2023-01-15 v3.1.10 (3.1.10)
)))
(/global/common/software/nersc9/texlive/2024-17c650b50c05ee823c6093081103ed0ab7
6a21df/texmf-dist/tex/generic/pgf/modules/pgfmoduleshapes.code.tex
File: pgfmoduleshapes.code.tex 2023-01-15 v3.1.10 (3.1.10)
\pgfnodeparttextbox=\box60
)
(/global/common/software/nersc9/texlive/2024-17c650b50c05ee823c6093081103ed0ab7
6a21df/texmf-dist/tex/generic/pgf/modules/pgfmoduleplot.code.tex
File: pgfmoduleplot.code.tex 2023-01-15 v3.1.10 (3.1.10)
)
(/global/common/software/nersc9/texlive/2024-17c650b50c05ee823c6093081103ed0ab7
6a21df/texmf-dist/tex/latex/pgf/compatibility/pgfcomp-version-0-65.sty
Package: pgfcomp-version-0-65 2023-01-15 v3.1.10 (3.1.10)
\pgf@nodesepstart=\dimen190
\pgf@nodesepend=\dimen191
)
(/global/common/software/nersc9/texlive/2024-17c650b50c05ee823c6093081103ed0ab7
6a21df/texmf-dist/tex/latex/pgf/compatibility/pgfcomp-version-1-18.sty
Package: pgfcomp-version-1-18 2023-01-15 v3.1.10 (3.1.10)
))
(/global/common/software/nersc9/texlive/2024-17c650b50c05ee823c6093081103ed0ab7
6a21df/texmf-dist/tex/latex/pgf/utilities/pgffor.sty
(/global/common/software/nersc9/texlive/2024-17c650b50c05ee823c6093081103ed0ab7
6a21df/texmf-dist/tex/latex/pgf/utilities/pgfkeys.sty
(/global/common/software/nersc9/texlive/2024-17c650b50c05ee823c6093081103ed0ab7
6a21df/texmf-dist/tex/generic/pgf/utilities/pgfkeys.code.tex))
(/global/common/software/nersc9/texlive/2024-17c650b50c05ee823c6093081103ed0ab7
6a21df/texmf-dist/tex/latex/pgf/math/pgfmath.sty
(/global/common/software/nersc9/texlive/2024-17c650b50c05ee823c6093081103ed0ab7
6a21df/texmf-dist/tex/generic/pgf/math/pgfmath.code.tex))
(/global/common/software/nersc9/texlive/2024-17c650b50c05ee823c6093081103ed0ab7
6a21df/texmf-dist/tex/generic/pgf/utilities/pgffor.code.tex
Package: pgffor 2023-01-15 v3.1.10 (3.1.10)
\pgffor@iter=\dimen192
\pgffor@skip=\dimen193
\pgffor@stack=\toks35
\pgffor@toks=\toks36
))
(/global/common/software/nersc9/texlive/2024-17c650b50c05ee823c6093081103ed0ab7
6a21df/texmf-dist/tex/generic/pgf/frontendlayer/tikz/tikz.code.tex
Package: tikz 2023-01-15 v3.1.10 (3.1.10)

(/global/common/software/nersc9/texlive/2024-17c650b50c05ee823c6093081103ed0ab7
6a21df/texmf-dist/tex/generic/pgf/libraries/pgflibraryplothandlers.code.tex
File: pgflibraryplothandlers.code.tex 2023-01-15 v3.1.10 (3.1.10)
\pgf@plot@mark@count=\count294
\pgfplotmarksize=\dimen194
)
\tikz@lastx=\dimen195
\tikz@lasty=\dimen196
\tikz@lastxsaved=\dimen197
\tikz@lastysaved=\dimen198
\tikz@lastmovetox=\dimen199
\tikz@lastmovetoy=\dimen256
\tikzleveldistance=\dimen257
\tikzsiblingdistance=\dimen258
\tikz@figbox=\box61
\tikz@figbox@bg=\box62
\tikz@tempbox=\box63
\tikz@tempbox@bg=\box64
\tikztreelevel=\count295
\tikznumberofchildren=\count296
\tikznumberofcurrentchild=\count297
\tikz@fig@count=\count298

(/global/common/software/nersc9/texlive/2024-17c650b50c05ee823c6093081103ed0ab7
6a21df/texmf-dist/tex/generic/pgf/modules/pgfmodulematrix.code.tex
File: pgfmodulematrix.code.tex 2023-01-15 v3.1.10 (3.1.10)
\pgfmatrixcurrentrow=\count299
\pgfmatrixcurrentcolumn=\count300
\pgf@matrix@numberofcolumns=\count301
)
\tikz@expandcount=\count302

(/global/common/software/nersc9/texlive/2024-17c650b50c05ee823c6093081103ed0ab7
6a21df/texmf-dist/tex/generic/pgf/frontendlayer/tikz/libraries/tikzlibrarytopat
hs.code.tex
File: tikzlibrarytopaths.code.tex 2023-01-15 v3.1.10 (3.1.10)
)))
(/global/common/software/nersc9/texlive/2024-17c650b50c05ee823c6093081103ed0ab7
6a21df/texmf-dist/tex/latex/xurl/xurl.sty
Package: xurl 2022/01/09 v 0.10 modify URL breaks

(/global/common/software/nersc9/texlive/2024-17c650b50c05ee823c6093081103ed0ab7
6a21df/texmf-dist/tex/latex/url/url.sty
\Urlmuskip=\muskip18
Package: url 2013/09/16  ver 3.4  Verb mode for urls, etc.
))
(/global/common/software/nersc9/texlive/2024-17c650b50c05ee823c6093081103ed0ab7
6a21df/texmf-dist/tex/latex/biblatex/biblatex.sty
Package: biblatex 2024/03/21 v3.20 programmable bibliographies (PK/MW)

(/global/common/software/nersc9/texlive/2024-17c650b50c05ee823c6093081103ed0ab7
6a21df/texmf-dist/tex/generic/pdftexcmds/pdftexcmds.sty
Package: pdftexcmds 2020-06-27 v0.33 Utility functions of pdfTeX for LuaTeX (HO
)

(/global/common/software/nersc9/texlive/2024-17c650b50c05ee823c6093081103ed0ab7
6a21df/texmf-dist/tex/generic/infwarerr/infwarerr.sty
Package: infwarerr 2019/12/03 v1.5 Providing info/warning/error messages (HO)
)
(/global/common/software/nersc9/texlive/2024-17c650b50c05ee823c6093081103ed0ab7
6a21df/texmf-dist/tex/generic/iftex/iftex.sty
Package: iftex 2024/12/12 v1.0g TeX engine tests
)
Package pdftexcmds Info: \pdf@primitive is available.
Package pdftexcmds Info: \pdf@ifprimitive is available.
Package pdftexcmds Info: \pdfdraftmode found.
)
(/global/common/software/nersc9/texlive/2024-17c650b50c05ee823c6093081103ed0ab7
6a21df/texmf-dist/tex/latex/etoolbox/etoolbox.sty
Package: etoolbox 2020/10/05 v2.5k e-TeX tools for LaTeX (JAW)
\etb@tempcnta=\count303
)
(/global/common/software/nersc9/texlive/2024-17c650b50c05ee823c6093081103ed0ab7
6a21df/texmf-dist/tex/latex/logreq/logreq.sty
Package: logreq 2010/08/04 v1.0 xml request logger
\lrq@indent=\count304

(/global/common/software/nersc9/texlive/2024-17c650b50c05ee823c6093081103ed0ab7
6a21df/texmf-dist/tex/latex/logreq/logreq.def
File: logreq.def 2010/08/04 v1.0 logreq spec v1.0
))
(/global/common/software/nersc9/texlive/2024-17c650b50c05ee823c6093081103ed0ab7
6a21df/texmf-dist/tex/latex/base/ifthen.sty
Package: ifthen 2024/03/16 v1.1e Standard LaTeX ifthen package (DPC)
)
\c@tabx@nest=\count305
\c@listtotal=\count306
\c@listcount=\count307
\c@liststart=\count308
\c@liststop=\count309
\c@citecount=\count310
\c@citetotal=\count311
\c@multicitecount=\count312
\c@multicitetotal=\count313
\c@instcount=\count314
\c@maxnames=\count315
\c@minnames=\count316
\c@maxitems=\count317
\c@minitems=\count318
\c@citecounter=\count319
\c@maxcitecounter=\count320
\c@savedcitecounter=\count321
\c@uniquelist=\count322
\c@uniquename=\count323
\c@refsection=\count324
\c@refsegment=\count325
\c@maxextratitle=\count326
\c@maxextratitleyear=\count327
\c@maxextraname=\count328
\c@maxextradate=\count329
\c@maxextraalpha=\count330
\c@abbrvpenalty=\count331
\c@highnamepenalty=\count332
\c@lownamepenalty=\count333
\c@maxparens=\count334
\c@parenlevel=\count335
\blx@tempcnta=\count336
\blx@tempcntb=\count337
\blx@tempcntc=\count338
\c@blx@maxsection=\count339
\blx@maxsegment@0=\count340
\blx@notetype=\count341
\blx@parenlevel@text=\count342
\blx@parenlevel@foot=\count343
\blx@sectionciteorder@0=\count344
\blx@sectionciteorderinternal@0=\count345
\blx@entrysetcounter=\count346
\blx@biblioinstance=\count347
\labelnumberwidth=\skip54
\labelalphawidth=\skip55
\biblabelsep=\skip56
\bibitemsep=\skip57
\bibnamesep=\skip58
\bibinitsep=\skip59
\bibparsep=\skip60
\bibhang=\skip61
\blx@bcfin=\read3
\blx@bcfout=\write4
\blx@langwohyphens=\language89
\c@mincomprange=\count348
\c@maxcomprange=\count349
\c@mincompwidth=\count350
Package biblatex Info: Trying to load biblatex default data model...
Package biblatex Info: ... file 'blx-dm.def' found.

(/global/common/software/nersc9/texlive/2024-17c650b50c05ee823c6093081103ed0ab7
6a21df/texmf-dist/tex/latex/biblatex/blx-dm.def
File: blx-dm.def 2024/03/21 v3.20 biblatex datamodel (PK/MW)
)
Package biblatex Info: Trying to load biblatex style data model...
Package biblatex Info: ... file 'apa.dbx' found.

(/global/common/software/nersc9/texlive/2024-17c650b50c05ee823c6093081103ed0ab7
6a21df/texmf-dist/tex/latex/biblatex-apa/apa.dbx
File: apa.dbx 2023/03/20 v9.17 APA biblatex style data model
)
Package biblatex Info: Trying to load biblatex custom data model...
Package biblatex Info: ... file 'biblatex-dm.cfg' not found.
\c@afterword=\count351
\c@savedafterword=\count352
\c@annotator=\count353
\c@savedannotator=\count354
\c@author=\count355
\c@savedauthor=\count356
\c@bookauthor=\count357
\c@savedbookauthor=\count358
\c@commentator=\count359
\c@savedcommentator=\count360
\c@editor=\count361
\c@savededitor=\count362
\c@editora=\count363
\c@savededitora=\count364
\c@editorb=\count365
\c@savededitorb=\count366
\c@editorc=\count367
\c@savededitorc=\count368
\c@foreword=\count369
\c@savedforeword=\count370
\c@holder=\count371
\c@savedholder=\count372
\c@introduction=\count373
\c@savedintroduction=\count374
\c@namea=\count375
\c@savednamea=\count376
\c@nameb=\count377
\c@savednameb=\count378
\c@namec=\count379
\c@savednamec=\count380
\c@translator=\count381
\c@savedtranslator=\count382
\c@shortauthor=\count383
\c@savedshortauthor=\count384
\c@shorteditor=\count385
\c@savedshorteditor=\count386
\c@narrator=\count387
\c@savednarrator=\count388
\c@execproducer=\count389
\c@savedexecproducer=\count390
\c@execdirector=\count391
\c@savedexecdirector=\count392
\c@with=\count393
\c@savedwith=\count394
\c@labelname=\count395
\c@savedlabelname=\count396
\c@institution=\count397
\c@savedinstitution=\count398
\c@lista=\count399
\c@savedlista=\count400
\c@listb=\count401
\c@savedlistb=\count402
\c@listc=\count403
\c@savedlistc=\count404
\c@listd=\count405
\c@savedlistd=\count406
\c@liste=\count407
\c@savedliste=\count408
\c@listf=\count409
\c@savedlistf=\count410
\c@location=\count411
\c@savedlocation=\count412
\c@organization=\count413
\c@savedorganization=\count414
\c@origlocation=\count415
\c@savedoriglocation=\count416
\c@origpublisher=\count417
\c@savedorigpublisher=\count418
\c@publisher=\count419
\c@savedpublisher=\count420
\c@language=\count421
\c@savedlanguage=\count422
\c@origlanguage=\count423
\c@savedoriglanguage=\count424
\c@citation=\count425
\c@savedcitation=\count426
\c@pageref=\count427
\c@savedpageref=\count428
\shorthandwidth=\skip62
\shortjournalwidth=\skip63
\shortserieswidth=\skip64
\shorttitlewidth=\skip65
\shortauthorwidth=\skip66
\shorteditorwidth=\skip67
\locallabelnumberwidth=\skip68
\locallabelalphawidth=\skip69
\localshorthandwidth=\skip70
\localshortjournalwidth=\skip71
\localshortserieswidth=\skip72
\localshorttitlewidth=\skip73
\localshortauthorwidth=\skip74
\localshorteditorwidth=\skip75
Package biblatex Info: Trying to load compatibility code...
Package biblatex Info: ... file 'blx-compat.def' found.

(/global/common/software/nersc9/texlive/2024-17c650b50c05ee823c6093081103ed0ab7
6a21df/texmf-dist/tex/latex/biblatex/blx-compat.def
File: blx-compat.def 2024/03/21 v3.20 biblatex compatibility (PK/MW)
)
Package biblatex Info: Trying to load generic definitions...
Package biblatex Info: ... file 'biblatex.def' found.

(/global/common/software/nersc9/texlive/2024-17c650b50c05ee823c6093081103ed0ab7
6a21df/texmf-dist/tex/latex/biblatex/biblatex.def
File: biblatex.def 2024/03/21 v3.20 biblatex compatibility (PK/MW)
\c@textcitecount=\count429
\c@textcitetotal=\count430
\c@textcitemaxnames=\count431
\c@biburlbigbreakpenalty=\count432
\c@biburlbreakpenalty=\count433
\c@biburlnumpenalty=\count434
\c@biburlucpenalty=\count435
\c@biburllcpenalty=\count436
\biburlbigskip=\muskip19
\biburlnumskip=\muskip20
\biburlucskip=\muskip21
\biburllcskip=\muskip22
\c@smartand=\count437
)
Package biblatex Info: Trying to load natbib compatibility...
Package biblatex Info: ... file 'blx-natbib.def' found.

(/global/common/software/nersc9/texlive/2024-17c650b50c05ee823c6093081103ed0ab7
6a21df/texmf-dist/tex/latex/biblatex/blx-natbib.def
File: blx-natbib.def 2024/03/21 v3.20 biblatex compatibility (PK/MW)
Package biblatex Info: Delimiter 'nameyeardelim' in context '' already defined,
 overwriting.
)
Package biblatex Info: Trying to load bibliography style 'apa'...
Package biblatex Info: ... file 'apa.bbx' found.

(/global/common/software/nersc9/texlive/2024-17c650b50c05ee823c6093081103ed0ab7
6a21df/texmf-dist/tex/latex/biblatex-apa/apa.bbx
File: apa.bbx 2023/03/20 v9.17 APA biblatex references style
Package biblatex Info: Trying to load bibliography style 'standard'...
Package biblatex Info: ... file 'standard.bbx' found.

(/global/common/software/nersc9/texlive/2024-17c650b50c05ee823c6093081103ed0ab7
6a21df/texmf-dist/tex/latex/biblatex/bbx/standard.bbx
File: standard.bbx 2024/03/21 v3.20 biblatex bibliography style (PK/MW)
\c@bbx:relatedcount=\count438
\c@bbx:relatedtotal=\count439
)
Package biblatex Info: Delimiter 'nameyeardelim' in context 'bib' already defin
ed, overwriting.
Package biblatex Info: Delimiter 'nameyeardelim' in context 'biblist' already d
efined, overwriting.
Package biblatex Info: Delimiter 'nonameyeardelim' in context 'bib' already def
ined, overwriting.
Package biblatex Info: Delimiter 'nonameyeardelim' in context 'biblist' already
 defined, overwriting.
)
Package biblatex Info: Trying to load citation style 'apa'...
Package biblatex Info: ... file 'apa.cbx' found.

(/global/common/software/nersc9/texlive/2024-17c650b50c05ee823c6093081103ed0ab7
6a21df/texmf-dist/tex/latex/biblatex-apa/apa.cbx
File: apa.cbx 2023/03/20 v9.17 APA biblatex citation style
Package biblatex Info: Delimiter 'nameyeardelim' in context '' already defined,
 overwriting.
Package biblatex Info: Delimiter 'andothersdelim' in context '' already defined
, overwriting.
Package biblatex Info: Redefining '\fullcite'.
Package biblatex Info: Redefining '\citeauthor'.
Package biblatex Info: Redefining '\citeyear'.
Package biblatex Info: Redefining '\cite'.
Package biblatex Info: Redefining '\cites'.
Package biblatex Info: Redefining '\parencite'.
Package biblatex Info: Redefining '\parencites'.
Package biblatex Info: Redefining '\footcite'.
Package biblatex Info: Redefining '\footcites'.
Package biblatex Info: Redefining '\footcitetext'.
Package biblatex Info: Redefining '\footcitetexts'.
Package biblatex Info: Redefining '\smartcite'.
Package biblatex Info: Redefining '\smartcites'.
Package biblatex Info: Redefining '\textcite'.
Package biblatex Info: Redefining '\textcites'.
)
Package biblatex Info: Trying to load configuration file...
Package biblatex Info: ... file 'biblatex.cfg' found.

(/global/common/software/nersc9/texlive/2024-17c650b50c05ee823c6093081103ed0ab7
6a21df/texmf-dist/tex/latex/biblatex/biblatex.cfg
File: biblatex.cfg 
)
Package biblatex Info: Input encoding 'utf8' detected.
Package biblatex Info: Document encoding is UTF8 ....

(/global/common/software/nersc9/texlive/2024-17c650b50c05ee823c6093081103ed0ab7
6a21df/texmf-dist/tex/latex/l3kernel/expl3.sty
Package: expl3 2024-11-02 L3 programming layer (loader) 

(/global/common/software/nersc9/texlive/2024-17c650b50c05ee823c6093081103ed0ab7
6a21df/texmf-dist/tex/latex/l3backend/l3backend-pdftex.def
File: l3backend-pdftex.def 2024-05-08 L3 backend support: PDF output (pdfTeX)
\l__color_backend_stack_int=\count440
\l__pdf_internal_box=\box65
))
Package biblatex Info: ... and expl3
(biblatex)             2024-11-02 L3 programming layer (loader) 
(biblatex)             is new enough (at least 2020/04/06),
(biblatex)             setting 'casechanger=expl3'.

(/global/common/software/nersc9/texlive/2024-17c650b50c05ee823c6093081103ed0ab7
6a21df/texmf-dist/tex/latex/biblatex/blx-case-expl3.sty
(/global/common/software/nersc9/texlive/2024-17c650b50c05ee823c6093081103ed0ab7
6a21df/texmf-dist/tex/latex/l3packages/xparse/xparse.sty
Package: xparse 2024-08-16 L3 Experimental document command parser
)
Package: blx-case-expl3 2024/03/21 v3.20 expl3 case changing code for biblatex
))
\ccn@sidemargin=\skip76
\ccn@textwidth=\skip77
\ccn@textheight=\skip78
\ccn@columnsep=\skip79
\ccn@footskip=\skip80

(/global/common/software/nersc9/texlive/2024-17c650b50c05ee823c6093081103ed0ab7
6a21df/texmf-dist/tex/latex/lineno/lineno.sty
Package: lineno 2023/05/20 line numbers on paragraphs v5.3
\linenopenalty=\count441
\output=\toks37
\linenoprevgraf=\count442
\linenumbersep=\dimen259
\linenumberwidth=\dimen260
\c@linenumber=\count443
\c@pagewiselinenumber=\count444
\c@LN@truepage=\count445
\c@internallinenumber=\count446
\c@internallinenumbers=\count447
\quotelinenumbersep=\dimen261
\bframerule=\dimen262
\bframesep=\dimen263
\bframebox=\box66
\linenoamsmath@ams@eqpen=\count448
LaTeX Info: Redefining \\ on input line 3180.
)
(/global/common/software/nersc9/texlive/2024-17c650b50c05ee823c6093081103ed0ab7
6a21df/texmf-dist/tex/latex/base/atbegshi-ltx.sty
Package: atbegshi-ltx 2021/01/10 v1.0c Emulation of the original atbegshi
package with kernel methods
)
(/global/common/software/nersc9/texlive/2024-17c650b50c05ee823c6093081103ed0ab7
6a21df/texmf-dist/tex/latex/hyperref/hyperref.sty
Package: hyperref 2024-11-05 v7.01l Hypertext links for LaTeX

(/global/common/software/nersc9/texlive/2024-17c650b50c05ee823c6093081103ed0ab7
6a21df/texmf-dist/tex/generic/kvdefinekeys/kvdefinekeys.sty
Package: kvdefinekeys 2019-12-19 v1.6 Define keys (HO)
)
(/global/common/software/nersc9/texlive/2024-17c650b50c05ee823c6093081103ed0ab7
6a21df/texmf-dist/tex/generic/pdfescape/pdfescape.sty
Package: pdfescape 2019/12/09 v1.15 Implements pdfTeX's escape features (HO)
)
(/global/common/software/nersc9/texlive/2024-17c650b50c05ee823c6093081103ed0ab7
6a21df/texmf-dist/tex/latex/hycolor/hycolor.sty
Package: hycolor 2020-01-27 v1.10 Color options for hyperref/bookmark (HO)
)
(/global/common/software/nersc9/texlive/2024-17c650b50c05ee823c6093081103ed0ab7
6a21df/texmf-dist/tex/latex/hyperref/nameref.sty
Package: nameref 2023-11-26 v2.56 Cross-referencing by name of section

(/global/common/software/nersc9/texlive/2024-17c650b50c05ee823c6093081103ed0ab7
6a21df/texmf-dist/tex/latex/refcount/refcount.sty
Package: refcount 2019/12/15 v3.6 Data extraction from label references (HO)
)
(/global/common/software/nersc9/texlive/2024-17c650b50c05ee823c6093081103ed0ab7
6a21df/texmf-dist/tex/generic/gettitlestring/gettitlestring.sty
Package: gettitlestring 2019/12/15 v1.6 Cleanup title references (HO)
)
\c@section@level=\count449
)
(/global/common/software/nersc9/texlive/2024-17c650b50c05ee823c6093081103ed0ab7
6a21df/texmf-dist/tex/generic/stringenc/stringenc.sty
Package: stringenc 2019/11/29 v1.12 Convert strings between diff. encodings (HO
)
)
\@linkdim=\dimen264
\Hy@linkcounter=\count450
\Hy@pagecounter=\count451

(/global/common/software/nersc9/texlive/2024-17c650b50c05ee823c6093081103ed0ab7
6a21df/texmf-dist/tex/latex/hyperref/pd1enc.def
File: pd1enc.def 2024-11-05 v7.01l Hyperref: PDFDocEncoding definition (HO)
Now handling font encoding PD1 ...
... no UTF-8 mapping file for font encoding PD1
)
(/global/common/software/nersc9/texlive/2024-17c650b50c05ee823c6093081103ed0ab7
6a21df/texmf-dist/tex/generic/intcalc/intcalc.sty
Package: intcalc 2019/12/15 v1.3 Expandable calculations with integers (HO)
)
\Hy@SavedSpaceFactor=\count452

(/global/common/software/nersc9/texlive/2024-17c650b50c05ee823c6093081103ed0ab7
6a21df/texmf-dist/tex/latex/hyperref/puenc.def
File: puenc.def 2024-11-05 v7.01l Hyperref: PDF Unicode definition (HO)
Now handling font encoding PU ...
... no UTF-8 mapping file for font encoding PU
)
Package hyperref Info: Hyper figures OFF on input line 4157.
Package hyperref Info: Link nesting OFF on input line 4162.
Package hyperref Info: Hyper index ON on input line 4165.
Package hyperref Info: Plain pages OFF on input line 4172.
Package hyperref Info: Backreferencing OFF on input line 4177.
Package hyperref Info: Implicit mode ON; LaTeX internals redefined.
Package hyperref Info: Bookmarks ON on input line 4424.
\c@Hy@tempcnt=\count453
LaTeX Info: Redefining \url on input line 4763.
\XeTeXLinkMargin=\dimen265

(/global/common/software/nersc9/texlive/2024-17c650b50c05ee823c6093081103ed0ab7
6a21df/texmf-dist/tex/generic/bitset/bitset.sty
Package: bitset 2019/12/09 v1.3 Handle bit-vector datatype (HO)

(/global/common/software/nersc9/texlive/2024-17c650b50c05ee823c6093081103ed0ab7
6a21df/texmf-dist/tex/generic/bigintcalc/bigintcalc.sty
Package: bigintcalc 2019/12/15 v1.5 Expandable calculations on big integers (HO
)
))
\Fld@menulength=\count454
\Field@Width=\dimen266
\Fld@charsize=\dimen267
Package hyperref Info: Hyper figures OFF on input line 6042.
Package hyperref Info: Link nesting OFF on input line 6047.
Package hyperref Info: Hyper index ON on input line 6050.
Package hyperref Info: backreferencing OFF on input line 6057.
Package hyperref Info: Link coloring OFF on input line 6062.
Package hyperref Info: Link coloring with OCG OFF on input line 6067.
Package hyperref Info: PDF/A mode OFF on input line 6072.
\Hy@abspage=\count455
\c@Item=\count456
\c@Hfootnote=\count457
)
Package hyperref Info: Driver (autodetected): hpdftex.

(/global/common/software/nersc9/texlive/2024-17c650b50c05ee823c6093081103ed0ab7
6a21df/texmf-dist/tex/latex/hyperref/hpdftex.def
File: hpdftex.def 2024-11-05 v7.01l Hyperref driver for pdfTeX

(/global/common/software/nersc9/texlive/2024-17c650b50c05ee823c6093081103ed0ab7
6a21df/texmf-dist/tex/latex/base/atveryend-ltx.sty
Package: atveryend-ltx 2020/08/19 v1.0a Emulation of the original atveryend pac
kage
with kernel methods
)
\Fld@listcount=\count458
\c@bookmark@seq@number=\count459

(/global/common/software/nersc9/texlive/2024-17c650b50c05ee823c6093081103ed0ab7
6a21df/texmf-dist/tex/latex/rerunfilecheck/rerunfilecheck.sty
Package: rerunfilecheck 2022-07-10 v1.10 Rerun checks for auxiliary files (HO)

(/global/common/software/nersc9/texlive/2024-17c650b50c05ee823c6093081103ed0ab7
6a21df/texmf-dist/tex/generic/uniquecounter/uniquecounter.sty
Package: uniquecounter 2019/12/15 v1.4 Provide unlimited unique counter (HO)
)
Package uniquecounter Info: New unique counter `rerunfilecheck' on input line 2
85.
)
\Hy@SectionHShift=\skip81
)
Package hyperref Info: Option `colorlinks' set `true' on input line 193.

(/global/common/software/nersc9/texlive/2024-17c650b50c05ee823c6093081103ed0ab7
6a21df/texmf-dist/tex/latex/fancyhdr/fancyhdr.sty
Package: fancyhdr 2024/12/09 v4.5 Extensive control of page headers and footers

\f@nch@headwidth=\skip82
\f@nch@O@elh=\skip83
\f@nch@O@erh=\skip84
\f@nch@O@olh=\skip85
\f@nch@O@orh=\skip86
\f@nch@O@elf=\skip87
\f@nch@O@erf=\skip88
\f@nch@O@olf=\skip89
\f@nch@O@orf=\skip90
)
\c@ccn@affcount=\count460
)
\@quotelevel=\count461
\@quotereset=\count462
LaTeX Font Info:    Trying to load font information for T1+qhv on input line 23
.

(/global/common/software/nersc9/texlive/2024-17c650b50c05ee823c6093081103ed0ab7
6a21df/texmf-dist/tex/latex/tex-gyre/t1qhv.fd
File: t1qhv.fd 2009/09/25 v1.2 font definition file for T1/qhv
) (./camera_ready.aux)
\openout1 = `camera_ready.aux'.

LaTeX Font Info:    Checking defaults for OML/cmm/m/it on input line 23.
LaTeX Font Info:    ... okay on input line 23.
LaTeX Font Info:    Checking defaults for OMS/cmsy/m/n on input line 23.
LaTeX Font Info:    ... okay on input line 23.
LaTeX Font Info:    Checking defaults for OT1/cmr/m/n on input line 23.
LaTeX Font Info:    ... okay on input line 23.
LaTeX Font Info:    Checking defaults for T1/cmr/m/n on input line 23.
LaTeX Font Info:    ... okay on input line 23.
LaTeX Font Info:    Checking defaults for TS1/cmr/m/n on input line 23.
LaTeX Font Info:    ... okay on input line 23.
LaTeX Font Info:    Checking defaults for OMX/cmex/m/n on input line 23.
LaTeX Font Info:    ... okay on input line 23.
LaTeX Font Info:    Checking defaults for U/cmr/m/n on input line 23.
LaTeX Font Info:    ... okay on input line 23.
LaTeX Font Info:    Checking defaults for PD1/pdf/m/n on input line 23.
LaTeX Font Info:    ... okay on input line 23.
LaTeX Font Info:    Checking defaults for PU/pdf/m/n on input line 23.
LaTeX Font Info:    ... okay on input line 23.

(/global/common/software/nersc9/texlive/2024-17c650b50c05ee823c6093081103ed0ab7
6a21df/texmf-dist/tex/context/base/mkii/supp-pdf.mkii
[Loading MPS to PDF converter (version 2006.09.02).]
\scratchcounter=\count463
\scratchdimen=\dimen268
\scratchbox=\box67
\nofMPsegments=\count464
\nofMParguments=\count465
\everyMPshowfont=\toks38
\MPscratchCnt=\count466
\MPscratchDim=\dimen269
\MPnumerator=\count467
\makeMPintoPDFobject=\count468
\everyMPtoPDFconversion=\toks39
)
(/global/common/software/nersc9/texlive/2024-17c650b50c05ee823c6093081103ed0ab7
6a21df/texmf-dist/tex/latex/epstopdf-pkg/epstopdf-base.sty
Package: epstopdf-base 2020-01-24 v2.11 Base part for package epstopdf
Package epstopdf-base Info: Redefining graphics rule for `.eps' on input line 4
85.

(/global/common/software/nersc9/texlive/2024-17c650b50c05ee823c6093081103ed0ab7
6a21df/texmf-dist/tex/latex/latexconfig/epstopdf-sys.cfg
File: epstopdf-sys.cfg 2010/07/13 v1.3 Configuration of (r)epstopdf for TeX Liv
e
))
Package biblatex Info: Trying to load language 'english' -> 'english-apa'...
Package biblatex Info: ... file 'english-apa.lbx' found.

(/global/common/software/nersc9/texlive/2024-17c650b50c05ee823c6093081103ed0ab7
6a21df/texmf-dist/tex/latex/biblatex-apa/english-apa.lbx
File: english-apa.lbx 2023/03/20 v9.17 APA biblatex localisation
Package biblatex Info: Trying to load language 'english'...
Package biblatex Info: ... file 'english.lbx' found.

(/global/common/software/nersc9/texlive/2024-17c650b50c05ee823c6093081103ed0ab7
6a21df/texmf-dist/tex/latex/biblatex/lbx/english.lbx
File: english.lbx 2024/03/21 v3.20 biblatex localization (PK/MW)
)
Package biblatex Info: Trying to load language 'american' -> 'american-apa'...
Package biblatex Info: ... file 'american-apa.lbx' found.

(/global/common/software/nersc9/texlive/2024-17c650b50c05ee823c6093081103ed0ab7
6a21df/texmf-dist/tex/latex/biblatex-apa/american-apa.lbx
File: american-apa.lbx 2023/03/20 v9.17 APA biblatex localisation
Package biblatex Info: Trying to load language 'american'...
Package biblatex Info: ... file 'american.lbx' found.

(/global/common/software/nersc9/texlive/2024-17c650b50c05ee823c6093081103ed0ab7
6a21df/texmf-dist/tex/latex/biblatex/lbx/american.lbx
File: american.lbx 2024/03/21 v3.20 biblatex localization (PK/MW)
Package biblatex Info: Trying to load language 'english'...
Package biblatex Info: ... file 'english.lbx' found.

(/global/common/software/nersc9/texlive/2024-17c650b50c05ee823c6093081103ed0ab7
6a21df/texmf-dist/tex/latex/biblatex/lbx/english.lbx
File: english.lbx 2024/03/21 v3.20 biblatex localization (PK/MW)
))))
Package biblatex Info: Input encoding 'utf8' detected.
Package biblatex Info: Automatic encoding selection.
(biblatex)             Assuming data encoding 'utf8'.
\openout4 = `camera_ready.bcf'.

Package biblatex Info: Trying to load bibliographic data...
Package biblatex Info: ... file 'camera_ready.bbl' found.
 (./camera_ready.bbl)
Package biblatex Info: Reference section=0 on input line 23.
Package biblatex Info: Reference segment=0 on input line 23.
Package hyperref Info: Link coloring ON on input line 23.

(./camera_ready.out) (./camera_ready.out)
\@outlinefile=\write5
\openout5 = `camera_ready.out'.

LaTeX Font Info:    Trying to load font information for OT1+phv on input line 2
5.

(/global/common/software/nersc9/texlive/2024-17c650b50c05ee823c6093081103ed0ab7
6a21df/texmf-dist/tex/latex/psnfss/ot1phv.fd
File: ot1phv.fd 2020/03/25 scalable font definitions for OT1/phv.
)<<ot1.cmap>><<oml.cmap>><<oms.cmap>><<omx.cmap>>
LaTeX Font Info:    Trying to load font information for U+msa on input line 25.


(/global/common/software/nersc9/texlive/2024-17c650b50c05ee823c6093081103ed0ab7
6a21df/texmf-dist/tex/latex/amsfonts/umsa.fd
File: umsa.fd 2013/01/14 v3.01 AMS symbols A
)
LaTeX Font Info:    Trying to load font information for U+msb on input line 25.


(/global/common/software/nersc9/texlive/2024-17c650b50c05ee823c6093081103ed0ab7
6a21df/texmf-dist/tex/latex/amsfonts/umsb.fd
File: umsb.fd 2013/01/14 v3.01 AMS symbols B
)
Underfull \hbox (badness 2213) in paragraph at lines 37--38
[]\T1/qhv/b/n/10 Keywords: \T1/qhv/m/n/10 emo-tion rep-re-sen-ta-tion; fMRI; vi
deo
 []


Underfull \hbox (badness 4531) in paragraph at lines 37--38
\T1/qhv/m/n/10 foun-da-tion model; self-supervised learn-ing; brain-
 []


Underfull \hbox (badness 2671) in paragraph at lines 41--49
\T1/qhv/m/n/10 se-man-tic space of fine-grained emo-tion cat-e-gories
 []





[1{/global/common/software/nersc9/texlive/2024-17c650b50c05ee823c6093081103ed0a
b76a21df/texmf-var/fonts/map/pdftex/updmap/pdftex.map}{/global/common/software/
nersc9/texlive/2024-17c650b50c05ee823c6093081103ed0ab76a21df/texmf-dist/fonts/e
nc/dvips/tex-gyre/q-ec.enc}{/global/common/software/nersc9/texlive/2024-17c650b
50c05ee823c6093081103ed0ab76a21df/texmf-dist/fonts/enc/dvips/cm-super/cm-super-
t1.enc}



]
Underfull \hbox (badness 3058) in paragraph at lines 69--72
\T1/qhv/m/n/10 Of 100 prin-ci-pal com-po-nents, only three sur-vived
 []

<figure1_ccn.pdf, id=57, 452.63228pt x 181.73395pt>
File: figure1_ccn.pdf Graphic file (type pdf)
<use figure1_ccn.pdf>
Package pdftex.def Info: figure1_ccn.pdf  used on input line 75.
(pdftex.def)             Requested size: 505.89pt x 203.11911pt.


<figure2_ccn.pdf, id=59, 466.12486pt x 231.03801pt>
File: figure2_ccn.pdf Graphic file (type pdf)
<use figure2_ccn.pdf>
Package pdftex.def Info: figure2_ccn.pdf  used on input line 91.
(pdftex.def)             Requested size: 505.89pt x 250.76176pt.

Underfull \hbox (badness 1515) in paragraph at lines 103--104
\T1/qhv/m/n/10 Our find-ings re-veal that the rep-re-sen-ta-tional space
 []


Underfull \hbox (badness 1831) in paragraph at lines 103--104
\T1/qhv/m/n/10 shared be-tween a self-supervised video foun-da-tion
 []


Underfull \hbox (badness 1521) in paragraph at lines 105--108
\T1/qhv/m/n/10 with dis-crete emo-tion cat-e-gories than with con-tin-u-
 []


Underfull \hbox (badness 1253) in paragraph at lines 105--108
\T1/qhv/m/n/10 ous valence--arousal di-men-sions. The category-to-
 []


Underfull \hbox (badness 1237) in paragraph at lines 109--112
\T1/qhv/m/n/10 side en-coders (un-trained Brain-JEPA and raw 450-
 []


Underfull \hbox (badness 3240) in paragraph at lines 109--112
\T1/qhv/m/n/10 JEPA2-aligned sub-space re-versed to-ward cat-e-gor-i-
 []


Underfull \hbox (badness 1762) in paragraph at lines 109--112
\T1/qhv/m/n/10 cal dom-i-nance (top-3 ra-tios 1.05--1.42), sug-gest-ing
 []



[2{/global/common/software/nersc9/texlive/2024-17c650b50c05ee823c6093081103ed0a
b76a21df/texmf-dist/fonts/enc/dvips/base/8r.enc}]
Underfull \hbox (badness 2538) in paragraph at lines 119--122
\T1/qhv/m/n/10 This work used re-sources of the Na-tional En-ergy
 []


Underfull \hbox (badness 2073) in paragraph at lines 119--122
\T1/qhv/m/n/10 Re-search Sci-en-tific Com-put-ing Cen-ter (NERSC), a
 []





[3 <./figure1_ccn.pdf>] [4 <./figure2_ccn.pdf>] (./camera_ready.aux)
 ***********
LaTeX2e <2024-11-01> patch level 1
L3 programming layer <2024-11-02>
 ***********
Package rerunfilecheck Info: File `camera_ready.out' has not changed.
(rerunfilecheck)             Checksum: 686A55A757D5F249621BDE93517A06E2;356.
Package logreq Info: Writing requests to 'camera_ready.run.xml'.
\openout1 = `camera_ready.run.xml'.

 ) 
Here is how much of TeX's memory you used:
 29492 strings out of 473330
 579850 string characters out of 5676676
 1474269 words of memory out of 5000000
 52119 multiletter control sequences out of 15000+600000
 610662 words of font info for 86 fonts, out of 8000000 for 9000
 1141 hyphenation exceptions out of 8191
 117i,16n,121p,701b,5052s stack positions out of 10000i,1000n,20000p,200000b,200000s
</global/common/software/nersc9/texlive/2024-17c650b50c05ee823c6093081103ed0a
b76a21df/texmf-dist/fonts/type1/public/amsfonts/cm/cmmi10.pfb></global/common/s
oftware/nersc9/texlive/2024-17c650b50c05ee823c6093081103ed0ab76a21df/texmf-dist
/fonts/type1/public/amsfonts/cm/cmsy10.pfb></global/common/software/nersc9/texl
ive/2024-17c650b50c05ee823c6093081103ed0ab76a21df/texmf-dist/fonts/type1/public
/tex-gyre/qhvb.pfb></global/common/software/nersc9/texlive/2024-17c650b50c05ee8
23c6093081103ed0ab76a21df/texmf-dist/fonts/type1/public/tex-gyre/qhvr.pfb></glo
bal/common/software/nersc9/texlive/2024-17c650b50c05ee823c6093081103ed0ab76a21d
f/texmf-dist/fonts/type1/public/tex-gyre/qhvri.pfb></global/common/software/ner
sc9/texlive/2024-17c650b50c05ee823c6093081103ed0ab76a21df/texmf-dist/fonts/type
1/public/cm-super/sftt0900.pfb></global/common/software/nersc9/texlive/2024-17c
650b50c05ee823c6093081103ed0ab76a21df/texmf-dist/fonts/type1/urw/helvetic/uhvr8
a.pfb></global/common/software/nersc9/texlive/2024-17c650b50c05ee823c6093081103
ed0ab76a21df/texmf-dist/fonts/type1/urw/helvetic/uhvro8a.pfb>
Output written on camera_ready.pdf (4 pages, 198117 bytes).
PDF statistics:
 168 PDF objects out of 1000 (max. 8388607)
 123 compressed objects within 2 object streams
 21 named destinations out of 1000 (max. 500000)
 75 words of extra memory for PDF output out of 10000 (max. 10000000)

